 INFO  Accepting connections at http://localhost:3000
 HTTP  3/14/2026 2:15:12 AM ::1 GET /
 HTTP  3/14/2026 2:15:12 AM ::1 Returned 200 in 376 ms
 HTTP  3/14/2026 2:15:13 AM ::1 GET /static/js/main.66544610.js
 HTTP  3/14/2026 2:15:13 AM ::1 GET /static/css/main.f855e6bc.css
 HTTP  3/14/2026 2:15:13 AM ::1 Returned 200 in 6 ms
 HTTP  3/14/2026 2:15:13 AM ::1 Returned 200 in 40 ms
 HTTP  3/14/2026 2:15:14 AM ::1 GET /static/js/856.36cd1cef.chunk.js
 HTTP  3/14/2026 2:15:14 AM ::1 Returned 200 in 3 ms
 HTTP  3/14/2026 2:15:14 AM ::1 GET /static/js/856.36cd1cef.chunk.js
 HTTP  3/14/2026 2:15:14 AM ::1 Returned 304 in 1 ms
 HTTP  3/14/2026 2:15:14 AM ::1 GET /static/js/828.874eba05.chunk.js
 HTTP  3/14/2026 2:15:14 AM ::1 Returned 200 in 5 ms
 HTTP  3/14/2026 2:15:14 AM ::1 GET /static/js/828.874eba05.chunk.js
 HTTP  3/14/2026 2:15:14 AM ::1 Returned 304 in 2 ms
 HTTP  3/14/2026 2:16:13 AM ::1 GET /
 HTTP  3/14/2026 2:16:13 AM ::1 Returned 200 in 2 ms
 HTTP  3/14/2026 2:16:13 AM ::1 GET /static/js/main.66544610.js
 HTTP  3/14/2026 2:16:13 AM ::1 GET /static/css/main.f855e6bc.css
 HTTP  3/14/2026 2:16:13 AM ::1 Returned 200 in 3 ms
 HTTP  3/14/2026 2:16:13 AM ::1 Returned 200 in 3 ms
 HTTP  3/14/2026 2:16:13 AM ::1 GET /static/js/856.36cd1cef.chunk.js
 HTTP  3/14/2026 2:16:13 AM ::1 Returned 200 in 1 ms
 HTTP  3/14/2026 2:16:13 AM ::1 GET /static/js/856.36cd1cef.chunk.js
 HTTP  3/14/2026 2:16:13 AM ::1 Returned 304 in 1 ms
 HTTP  3/14/2026 2:16:13 AM ::1 GET /static/js/828.874eba05.chunk.js
 HTTP  3/14/2026 2:16:13 AM ::1 Returned 200 in 1 ms
 HTTP  3/14/2026 2:16:13 AM ::1 GET /static/js/828.874eba05.chunk.js
 HTTP  3/14/2026 2:16:13 AM ::1 Returned 304 in 1 ms

 INFO  Gracefully shutting down. Please wait...
